========================================
🚀 2DGame テストスイート実行中...
========================================
----------------------------------------
🔍 セーブデータ隔離チェック実行中...
--- セーブデータ隔離テスト ---
✅ パスチェック合格: 現在のセーブ先 = /Users/tj/Desktop/2DGame/components/data/savefile/save_data_test.json
✅ 隔離テスト合格: 本番用セーブデータは保護されています。
✅ 隔離確認完了。安全にテストを開始します。
----------------------------------------
Running: tests/test_boot.py
2026-05-13 16:28:30.376 Python[69727:64652458] +[IMKClient subclass]: chose IMKClient_Modern
2026-05-13 16:28:30.376 Python[69727:64652458] +[IMKInputSession subclass]: chose IMKInputSession_Modern
Traceback (most recent call last):
  File "/Users/tj/Desktop/2DGame/tests/test_boot.py", line 83, in test_game_full_interaction_sequence
    dungeon = handle_game(screen, events, player, dungeon, ui_elements, game_state)
  File "/Users/tj/Desktop/2DGame/systems/scene_handler.py", line 186, in handle_game
    update_dungeon_entities(dungeon, player, dt, ui_elements["dialog"])
    ~~~~~~~~~~~~~~~~~~~~~~~^^^^^^^^^^^^^^^^^^^^^^^^^^^^^^^^^^^^^^^^^^^^
  File "/Users/tj/Desktop/2DGame/systems/entity_handler.py", line 205, in update_dungeon_entities
    dungeon.handle_respawn_turn(player)
    ^^^^^^^^^^^^^^^^^^^^^^^^^^^
AttributeError: 'Village' object has no attribute 'handle_respawn_turn'
pygame 2.6.1 (SDL 2.28.4, Python 3.13.5)
Hello from the pygame community. https://www.pygame.org/contribute.html
[DataLoader] Items loaded: Consumables=23, Staves=6, Lanterns=3
--- 起動・入力・結果検証 統合テスト開始 ---
[[93mWARNING[0m] Image not found: components/pictures/armor/adventurers_clothes/right.png
[SoundManager] BGM not found: home
[AUTO-SAVE] Floor transition (-1 -> 0). Saving to persistent file: /Users/tj/Desktop/2DGame/components/data/savefile/save_data_test.json
[SYSTEM] Saving progress to /Users/tj/Desktop/2DGame/components/data/savefile/save_data_test.json...
初期位置: (30, 40)
[Frame 0] Step 0: UP を入力
テスト失敗: 'Village' object has no attribute 'handle_respawn_turn'
❌ tests/test_boot.py: FAILED
----------------------------------------
Running: tests/test_hitbox.py
2026-05-13 16:28:31.331 Python[69740:64652677] +[IMKClient subclass]: chose IMKClient_Modern
2026-05-13 16:28:31.331 Python[69740:64652677] +[IMKInputSession subclass]: chose IMKInputSession_Modern
pygame 2.6.1 (SDL 2.28.4, Python 3.13.5)
Hello from the pygame community. https://www.pygame.org/contribute.html
[DataLoader] Items loaded: Consumables=23, Staves=6, Lanterns=3
--- 判定ロジックテスト開始 ---
[[93mWARNING[0m] Image not found: components/pictures/armor/adventurers_clothes/right.png
片手剣 (UP) 攻撃範囲: [(5, 4)]
片手剣 (RIGHT) 攻撃範囲: [(6, 5)]
槍 (UP) 攻撃範囲: [(5, 4), (5, 3)]
巨大敵 (352, 288) 占有マス: [(7, 4), (5, 5), (6, 5), (5, 4), (6, 4), (7, 6), (5, 6), (6, 6), (7, 5)]
[OK] 巨大敵の占有マス (5, 4) にヒットしました
--- すべての判定テストに合格しました！ ---
✅ tests/test_hitbox.py: PASSED
----------------------------------------
Running: tests/test_lantern_pickup.py
pygame 2.6.1 (SDL 2.28.4, Python 3.13.5)
Hello from the pygame community. https://www.pygame.org/contribute.html
[DataLoader] Items loaded: Consumables=23, Staves=6, Lanterns=3
--- カンテラ取得・装備シナリオテスト ---
[[93mWARNING[0m] Image not found: components/pictures/armor/adventurers_clothes/right.png
初期状態のカンテラ: None
取得メッセージ: カンテラ を 手に入れた！
インベントリの装備から 切り替えられます
✅ カンテラ取得シナリオテスト合格！
✅ tests/test_lantern_pickup.py: PASSED
----------------------------------------
Running: tests/test_save_load.py
2026-05-13 16:28:32.596 Python[69747:64652768] +[IMKClient subclass]: chose IMKClient_Modern
2026-05-13 16:28:32.596 Python[69747:64652768] +[IMKInputSession subclass]: chose IMKInputSession_Modern
pygame 2.6.1 (SDL 2.28.4, Python 3.13.5)
Hello from the pygame community. https://www.pygame.org/contribute.html
[DataLoader] Items loaded: Consumables=23, Staves=6, Lanterns=3
--- セーブ＆ロード整合性テスト開始 ---
[[93mWARNING[0m] Image not found: components/pictures/armor/adventurers_clothes/right.png
[SYSTEM] Saving progress to tests/test_save_data.json...
[INFO] データをセーブしました: tests/test_save_data.json
[[93mWARNING[0m] Image not found: components/pictures/armor/adventurers_clothes/right.png
[[93mWARNING[0m] Image not found: components/pictures/armor/adventurers_clothes/right.png
[INFO] データをロードしました
[OK] セーブ＆ロード整合性テスト合格！
✅ tests/test_save_load.py: PASSED
----------------------------------------
Running: tests/test_revive_cure.py
pygame 2.6.1 (SDL 2.28.4, Python 3.13.5)
Hello from the pygame community. https://www.pygame.org/contribute.html
[DataLoader] Items loaded: Consumables=23, Staves=6, Lanterns=3
--- 復活時の状態異常回復テスト ---
[[93mWARNING[0m] Image not found: components/pictures/armor/adventurers_clothes/right.png
状態セット: poison
アイテム所持: True
致命的ダメージ付与...
生存確認: True, HP: 50
現在の状態: normal
✅ 復活時の状態異常回復テスト合格！
✅ tests/test_revive_cure.py: PASSED
----------------------------------------
Running: tests/test_death.py
pygame 2.6.1 (SDL 2.28.4, Python 3.13.5)
Hello from the pygame community. https://www.pygame.org/contribute.html
[DataLoader] Items loaded: Consumables=23, Staves=6, Lanterns=3
--- 死亡ペナルティテスト開始 ---
[[93mWARNING[0m] Image not found: components/pictures/armor/adventurers_clothes/right.png
[DEATH] Progress saved with penalty to: /Users/tj/Desktop/2DGame/components/data/savefile/save_data_test.json
所持金検証: 期待値 450, 実際 450
装備検証: weapon_inventory=1, equipped_weapon=None
[OK] 死亡ペナルティテスト合格！
--- 死亡時借金テスト開始 ---
[[93mWARNING[0m] Image not found: components/pictures/armor/adventurers_clothes/right.png
[DEATH] Progress saved with penalty to: /Users/tj/Desktop/2DGame/components/data/savefile/save_data_test.json
借金検証: 実際 -45
[OK] 死亡時借金テスト合格！
--- 復活位置検証テスト開始 ---
[[93mWARNING[0m] Image not found: components/pictures/armor/adventurers_clothes/right.png
Floor 0 theme: home
[DUNGEON] Theme 'home' cached.
座標検証: 期待値 (704, 1280), 実際 (704, 1280)
[OK] 復活位置検証テスト合格！
--- 毒状態での死亡・クリニック復活テスト開始 ---
[[93mWARNING[0m] Image not found: components/pictures/armor/adventurers_clothes/right.png
Floor 0 theme: home
[DUNGEON] Theme 'home' loaded from cache.
[DEATH] Progress saved with penalty to: /Users/tj/Desktop/2DGame/components/data/savefile/save_data_test.json
座標検証: 期待値 (704, 1280), 実際 (704, 1280)
状態検証: hp=100, condition=normal
[OK] 毒状態での死亡・クリニック復活テスト合格！
✅ tests/test_death.py: PASSED
----------------------------------------
Running: tests/test_shopping.py
Traceback (most recent call last):
  File "/Users/tj/Desktop/2DGame/tests/test_shopping.py", line 75, in <module>
    test_all_shops_purchase()
    ~~~~~~~~~~~~~~~~~~~~~~~^^
  File "/Users/tj/Desktop/2DGame/tests/test_shopping.py", line 30, in test_all_shops_purchase
    ("武器屋", dungeon.weapon_shop_stock),
               ^^^^^^^^^^^^^^^^^^^^^^^^^
AttributeError: 'Village' object has no attribute 'weapon_shop_stock'
pygame 2.6.1 (SDL 2.28.4, Python 3.13.5)
Hello from the pygame community. https://www.pygame.org/contribute.html
[DataLoader] Items loaded: Consumables=23, Staves=6, Lanterns=3
--- 全店舗購入テスト開始 ---
[[93mWARNING[0m] Image not found: components/pictures/armor/adventurers_clothes/right.png
[SoundManager] BGM not found: home
[AUTO-SAVE] Floor transition (-1 -> 0). Saving to persistent file: /Users/tj/Desktop/2DGame/components/data/savefile/save_data_test.json
[SYSTEM] Saving progress to /Users/tj/Desktop/2DGame/components/data/savefile/save_data_test.json...
テスト失敗: 'Village' object has no attribute 'weapon_shop_stock'
❌ tests/test_shopping.py: FAILED
----------------------------------------
Running: tests/test_quest.py
pygame 2.6.1 (SDL 2.28.4, Python 3.13.5)
Hello from the pygame community. https://www.pygame.org/contribute.html
[DataLoader] Items loaded: Consumables=23, Staves=6, Lanterns=3
--- クエスト受注・達成テスト開始 ---
[[93mWARNING[0m] Image not found: components/pictures/armor/adventurers_clothes/right.png
テストクエスト: スイスイスライムの討伐 (ID: boss_hunt_suisui_slime, 対象: suisui_slime, 必要数: 1)
[OK] クエスト受注成功
[INFO] 敵 'suisui_slime' を 1 体討伐しました
[OK] クエスト達成確認成功
[OK] クエスト報告（削除）成功
[OK] クエスト受注・達成テスト合格！
--- クエスト生成データ整合性テスト開始 ---
[[93mWARNING[0m] Image not found: components/pictures/armor/adventurers_clothes/right.png
[OK] 10回の生成で全クエストの必須フィールドを確認しました
[OK] クエスト生成データ整合性テスト合格！
--- 固定クエストマスターデータ整合性テスト開始 ---
  [OK] boss_hunt_suisui_slime: reward_gold=500, reward_gp=5, target_key=suisui_slime
[OK] 固定クエストマスターデータ整合性テスト合格！
✅ tests/test_quest.py: PASSED
----------------------------------------
Running: tests/test_blacksmith.py
pygame 2.6.1 (SDL 2.28.4, Python 3.13.5)
Hello from the pygame community. https://www.pygame.org/contribute.html
[DataLoader] Items loaded: Consumables=23, Staves=6, Lanterns=3
--- 鍛冶・強化ステータステスト開始 ---
[[93mWARNING[0m] Image not found: components/pictures/armor/adventurers_clothes/right.png
武器初期状態: 鉄の剣, 総攻撃力: 13
武器強化後 (+10): 鉄の剣+10, 総攻撃力: 15.2
[SKIP] leather_armor がデータにありません
強化限界設定を発見: times_limit=50
限界突破時の上昇量: 0.0
[OK] 鍛冶・強化ステータステスト合格！
✅ tests/test_blacksmith.py: PASSED
----------------------------------------
Running: tests/test_game_flow.py
pygame 2.6.1 (SDL 2.28.4, Python 3.13.5)
Hello from the pygame community. https://www.pygame.org/contribute.html
[DataLoader] Items loaded: Consumables=23, Staves=6, Lanterns=3
--- 初期位置テスト開始 ---
[[93mWARNING[0m] Image not found: components/pictures/armor/adventurers_clothes/right.png
[SoundManager] BGM not found: home
[AUTO-SAVE] Floor transition (-1 -> 0). Saving to persistent file: /Users/tj/Desktop/2DGame/components/data/savefile/save_data_test.json
[SYSTEM] Saving progress to /Users/tj/Desktop/2DGame/components/data/savefile/save_data_test.json...
初期階層: 0
プレイヤー位置: (1920, 2560)
[OK] 初期階層・位置確認成功
--- 階層移動テスト開始 ---
[[93mWARNING[0m] Image not found: components/pictures/armor/adventurers_clothes/right.png
Floor 1 theme: shallow
[DUNGEON] Theme 'shallow' cached.
[Obstacle] pot HP set to 8
[Obstacle] crate HP set to 16
[POPULATION] Floor 1 | Rooms: 5 | Monsters: 6/10 | Obstacles: 2/2 | Reason: Warped
[Dungeon] Floor 1 | Item Candidates: 26 | Spawning: 2
[Dungeon] Floor 1 | Potential Tiles: 41
  - Item 1: ヒールポーション at (5, 19)
  - Item 2: 壊れた盾 at (13, 18)
[Dungeon] Floor 1 | Total Items Placed: 2/2
[AUTO-SAVE] Floor transition (-1 -> 1). Saving to persistent file: /Users/tj/Desktop/2DGame/components/data/savefile/save_data_test.json
[SYSTEM] Saving progress to /Users/tj/Desktop/2DGame/components/data/savefile/save_data_test.json...
移動後階層: 1
1階移動直後の位置: (8, 3), タイル: 2
[MEMORY] Dungeon texture cache cleared (1 themes)
Floor 2 theme: shallow
[DUNGEON] Theme 'shallow' cached.
[Obstacle] rubble HP set to 24
[Obstacle] pot HP set to 8
[POPULATION] Floor 2 | Rooms: 4 | Monsters: 2/8 | Obstacles: 2/2 | Reason: Warped
[Dungeon] Floor 2 | Item Candidates: 26 | Spawning: 1
[Dungeon] Floor 2 | Potential Tiles: 45
  - Item 1: 壊れかけの剣 at (14, 5)
[Dungeon] Floor 2 | Total Items Placed: 1/1
[AUTO-SAVE] Floor transition (1 -> 2). Saving to persistent file: /Users/tj/Desktop/2DGame/components/data/savefile/save_data_test.json
[SYSTEM] Saving progress to /Users/tj/Desktop/2DGame/components/data/savefile/save_data_test.json...
2階移動直後の位置: (9, 16), タイル: 2
[OK] 階層移動(1->2)成功
[MEMORY] Dungeon texture cache cleared (1 themes)
Floor 1 theme: shallow
[DUNGEON] Theme 'shallow' cached.
[Dungeon] Converted 1 sandwiched walls to floor.
[Obstacle] wood_barrel HP set to 16
[Obstacle] rubble HP set to 24
[POPULATION] Floor 1 | Rooms: 4 | Monsters: 3/8 | Obstacles: 2/2 | Reason: Warped
[Dungeon] Floor 1 | Item Candidates: 26 | Spawning: 1
[Dungeon] Floor 1 | Potential Tiles: 30
  - Item 1: 毒消薬 at (2, 14)
[Dungeon] Floor 1 | Total Items Placed: 1/1
[AUTO-SAVE] Floor transition (2 -> 1). Saving to persistent file: /Users/tj/Desktop/2DGame/components/data/savefile/save_data_test.json
[SYSTEM] Saving progress to /Users/tj/Desktop/2DGame/components/data/savefile/save_data_test.json...
1階(逆送)移動直後の位置: (18, 19), タイル: 3
[OK] 階層移動(2->1)成功
--- アイテム取得・使用テスト開始 ---
[[93mWARNING[0m] Image not found: components/pictures/armor/adventurers_clothes/right.png
[OK] アイテム 'hp_potion' の取得成功
[OK] アイテム使用によるHP回復成功 (HP: 50)
✅ tests/test_game_flow.py: PASSED
----------------------------------------
Running: tests/test_combat_sim.py
Traceback (most recent call last):
  File "/Users/tj/Desktop/2DGame/tests/test_combat_sim.py", line 65, in test_actual_combat_interaction
    dungeon = handle_game(screen, events, player, dungeon, ui_elements, game_state)
  File "/Users/tj/Desktop/2DGame/systems/scene_handler.py", line 190, in handle_game
    new_dungeon = new_dungeon.check_traps(player, ui_elements["dialog"])
                  ^^^^^^^^^^^^^^^^^^^^^^^
AttributeError: 'Village' object has no attribute 'check_traps'
pygame 2.6.1 (SDL 2.28.4, Python 3.13.5)
Hello from the pygame community. https://www.pygame.org/contribute.html
[DataLoader] Items loaded: Consumables=23, Staves=6, Lanterns=3
--- 敵との実戦交戦シミュレーションテスト開始 ---
[[93mWARNING[0m] Image not found: components/pictures/armor/adventurers_clothes/right.png
[SoundManager] BGM not found: home
[AUTO-SAVE] Floor transition (-1 -> 0). Saving to persistent file: /Users/tj/Desktop/2DGame/components/data/savefile/save_data_test.json
[SYSTEM] Saving progress to /Users/tj/Desktop/2DGame/components/data/savefile/save_data_test.json...
戦闘開始: プレイヤーHP=100, 敵(slime)HP=11
[Step 1] プレイヤーの攻撃（Spaceキー入力）
テスト失敗: 'Village' object has no attribute 'check_traps'
❌ tests/test_combat_sim.py: FAILED
----------------------------------------
Running: tests/test_npc_collision.py
Traceback (most recent call last):
  File "/Users/tj/Desktop/2DGame/tests/test_npc_collision.py", line 63, in test_npc_collision
    handle_game(screen, [], player, dungeon, ui_elements, game_state)
    ~~~~~~~~~~~^^^^^^^^^^^^^^^^^^^^^^^^^^^^^^^^^^^^^^^^^^^^^^^^^^^^^^
  File "/Users/tj/Desktop/2DGame/systems/scene_handler.py", line 190, in handle_game
    new_dungeon = new_dungeon.check_traps(player, ui_elements["dialog"])
                  ^^^^^^^^^^^^^^^^^^^^^^^
AttributeError: 'Village' object has no attribute 'check_traps'
pygame 2.6.1 (SDL 2.28.4, Python 3.13.5)
Hello from the pygame community. https://www.pygame.org/contribute.html
[DataLoader] Items loaded: Consumables=23, Staves=6, Lanterns=3
--- NPC衝突判定テスト開始 ---
[[93mWARNING[0m] Image not found: components/pictures/armor/adventurers_clothes/right.png
[SoundManager] BGM not found: home
[AUTO-SAVE] Floor transition (-1 -> 0). Saving to persistent file: /Users/tj/Desktop/2DGame/components/data/savefile/save_data_test.json
[SYSTEM] Saving progress to /Users/tj/Desktop/2DGame/components/data/savefile/save_data_test.json...
NPC位置: (17, 37), プレイヤー位置: (18, 37)
[Step] NPCに向かって移動（左キー）
テスト失敗: 'Village' object has no attribute 'check_traps'
Traceback (most recent call last):
  File "/Users/tj/Desktop/2DGame/tests/test_npc_collision.py", line 78, in <module>
    test_npc_collision()
    ~~~~~~~~~~~~~~~~~~^^
  File "/Users/tj/Desktop/2DGame/tests/test_npc_collision.py", line 75, in test_npc_collision
    raise e
  File "/Users/tj/Desktop/2DGame/tests/test_npc_collision.py", line 63, in test_npc_collision
    handle_game(screen, [], player, dungeon, ui_elements, game_state)
    ~~~~~~~~~~~^^^^^^^^^^^^^^^^^^^^^^^^^^^^^^^^^^^^^^^^^^^^^^^^^^^^^^
  File "/Users/tj/Desktop/2DGame/systems/scene_handler.py", line 190, in handle_game
    new_dungeon = new_dungeon.check_traps(player, ui_elements["dialog"])
                  ^^^^^^^^^^^^^^^^^^^^^^^
AttributeError: 'Village' object has no attribute 'check_traps'
❌ tests/test_npc_collision.py: FAILED
----------------------------------------
Running: tests/test_enemy_collision.py
pygame 2.6.1 (SDL 2.28.4, Python 3.13.5)
Hello from the pygame community. https://www.pygame.org/contribute.html
[DataLoader] Items loaded: Consumables=23, Staves=6, Lanterns=3
--- 敵同士の衝突判定テスト開始 ---
[[93mWARNING[0m] Image not found: components/pictures/armor/adventurers_clothes/right.png
[SoundManager] BGM not found: home
[AUTO-SAVE] Floor transition (-1 -> 0). Saving to persistent file: /Users/tj/Desktop/2DGame/components/data/savefile/save_data_test.json
[SYSTEM] Saving progress to /Users/tj/Desktop/2DGame/components/data/savefile/save_data_test.json...
敵A位置: (10, 10)
敵B位置: (11, 10)
移動判定結果: False
[OK] 敵同士の衝突判定テスト合格！

--- 移動中のすり抜け防止テスト開始 ---
移動中マスへの進入判定結果: False
[OK] 移動中のすり抜け防止テスト合格！
✅ tests/test_enemy_collision.py: PASSED
----------------------------------------
Running: tests/test_item_turn_consumption.py
2026-05-13 16:28:37.311 Python[69781:64653109] +[IMKClient subclass]: chose IMKClient_Modern
2026-05-13 16:28:37.311 Python[69781:64653109] +[IMKInputSession subclass]: chose IMKInputSession_Modern
pygame 2.6.1 (SDL 2.28.4, Python 3.13.5)
Hello from the pygame community. https://www.pygame.org/contribute.html
[DataLoader] Items loaded: Consumables=23, Staves=6, Lanterns=3
[[93mWARNING[0m] Image not found: components/pictures/armor/adventurers_clothes/right.png
Floor 1 theme: shallow
[DUNGEON] Theme 'shallow' cached.
--- アイテム使用ターン消費テスト ---
使用前: HP=50, enemy_turn_pending=False
使用後: HP=90, enemy_turn_pending=True
更新後: turn_state=enemies, enemy_turn_pending=False
✅ アイテム使用ターン消費テスト合格！
✅ tests/test_item_turn_consumption.py: PASSED
----------------------------------------
Running: tests/test_town_services.py
2026-05-13 16:28:38.207 Python[69784:64653145] +[IMKClient subclass]: chose IMKClient_Modern
2026-05-13 16:28:38.207 Python[69784:64653145] +[IMKInputSession subclass]: chose IMKInputSession_Modern
pygame 2.6.1 (SDL 2.28.4, Python 3.13.5)
Hello from the pygame community. https://www.pygame.org/contribute.html
[DataLoader] Items loaded: Consumables=23, Staves=6, Lanterns=3
[[93mWARNING[0m] Image not found: components/pictures/armor/adventurers_clothes/right.png
--- 銀行テスト開始 ---
[UI] Open BankDialog (銀行)
[UI] BankDialog Button: CONFIRM (100 G 預ける)
[UI] Open Dialog (Msg: 100 G 預かりました...)
100G預け入れ後: 所持金=1900, 銀行残高=100
[UI] BankDialog Button: CONFIRM (100 G 引き出す)
[UI] Open Dialog (Msg: 100 G 引き出しました...)
100G引き出し後: 所持金=2000, 銀行残高=0
✅ 銀行テスト合格！
[[93mWARNING[0m] Image not found: components/pictures/armor/adventurers_clothes/right.png

--- 預かり屋テスト開始 ---
[UI] Open WarehouseDialog (MENU)
預け入れ確認表示中: 手数料 10 G で ヒールポーション を預けますか？
預け入れ後: 所持金=990, 倉庫数=1, 手持ち数=0
引き出し後: 倉庫数=0, 手持ち数=1
✅ 預かり屋テスト合格！
✅ tests/test_town_services.py: PASSED
----------------------------------------
Running: tests/test_inn_debt.py
pygame 2.6.1 (SDL 2.28.4, Python 3.13.5)
Hello from the pygame community. https://www.pygame.org/contribute.html
[DataLoader] Items loaded: Consumables=23, Staves=6, Lanterns=3
--- 宿屋借金テスト ---
[[93mWARNING[0m] Image not found: components/pictures/armor/adventurers_clothes/right.png
Floor 0 theme: home
[DUNGEON] Theme 'home' cached.
確認ダイアログ表示中: 一泊 60 G だよ泊まっていくかい？
[SYSTEM] Saving progress to /Users/tj/Desktop/2DGame/components/data/savefile/save_data_test.json...
[INN] Rest Complete. Debt: True, New Coin: -60
借金成功: 所持金 -60G
--- 借金返済テスト ---
[OK] 借金返済テスト合格: 武器を売却後の所持金 40G
[OK] 宿屋借金・返済テスト合格: 最終所持金 40G, HP 100/100

🎉 宿屋借金テストに合格しました！
✅ tests/test_inn_debt.py: PASSED
----------------------------------------
Running: tests/test_stave_effects.py
pygame 2.6.1 (SDL 2.28.4, Python 3.13.5)
Hello from the pygame community. https://www.pygame.org/contribute.html
[DataLoader] Items loaded: Consumables=23, Staves=6, Lanterns=3
--- 燈の杖テスト ---
[[93mWARNING[0m] Image not found: components/pictures/armor/adventurers_clothes/right.png
Floor 1 theme: shallow
[DUNGEON] Theme 'shallow' cached.
[MAGIC] Execute Stave: 燈の杖 (Key: light_stave, Effect: light_all)
[OK] 燈の杖テスト合格
--- 回復の杖テスト ---
[[93mWARNING[0m] Image not found: components/pictures/armor/adventurers_clothes/right.png
Floor 1 theme: shallow
[DUNGEON] Theme 'shallow' loaded from cache.
[MAGIC] Execute Stave: 回復の杖 (Key: heal_stave, Effect: heal)
[OK] 回復の杖テスト合格
--- 火炎の杖テスト ---
[[93mWARNING[0m] Image not found: components/pictures/armor/adventurers_clothes/right.png
Floor 1 theme: shallow
[DUNGEON] Theme 'shallow' loaded from cache.
[MAGIC] Execute Stave: 火炎の杖 (Key: fire_stave, Effect: fire)
[MAGIC] Fire Offsets: [[1, -1], [1, 0], [1, 1], [2, -1], [2, 0], [2, 1]]
[MAGIC] Add FireEffect at Tile (3, 1)
[MAGIC] Add FireEffect at Tile (3, 2)
[MAGIC] Add FireEffect at Tile (3, 3)
[MAGIC] Add FireEffect at Tile (4, 1)
[MAGIC] Add FireEffect at Tile (4, 2)
[MAGIC] Add FireEffect at Tile (4, 3)
[COMBAT] テスト勇者 -> スライム: Damage=23, Critical=True, Miss=False, TargetHP: 77, TargetCond: normal
敵HP検証: 期待値 < 100, 実際 77
[OK] 火炎の杖テスト合格
--- 吹き飛ばしの杖テスト ---
[[93mWARNING[0m] Image not found: components/pictures/armor/adventurers_clothes/right.png
Floor 1 theme: shallow
[DUNGEON] Theme 'shallow' loaded from cache.
[MAGIC] Execute Stave: 吹き飛ばしの杖 (Key: knockback_stave, Effect: knockback)
[MAGIC] Knockback Effect added: From (2,2) to (3,2)
[COMBAT] テスト勇者 -> スライム: Damage=7, Critical=True, Miss=False, TargetHP: 4, TargetCond: normal
[MAGIC] Knockback Slide added: From (3,2) to (13,2)
位置検証: 期待値 > 192, 実際 832
速度検証: 期待値 1200, 実際 1200
[OK] 吹き飛ばしの杖テスト合格
--- 無敵の杖テスト ---
[[93mWARNING[0m] Image not found: components/pictures/armor/adventurers_clothes/right.png
Floor 1 theme: shallow
[DUNGEON] Theme 'shallow' loaded from cache.
[MAGIC] Execute Stave: 無敵の杖 (Key: invincible_stave, Effect: invincible)
[OK] 無敵の杖テスト合格
--- 壊れた杖テスト ---
[[93mWARNING[0m] Image not found: components/pictures/armor/adventurers_clothes/right.png
Floor 1 theme: shallow
[DUNGEON] Theme 'shallow' loaded from cache.
[OK] 壊れた杖テスト合格

🎉 全ての杖効果テストに合格しました！
✅ tests/test_stave_effects.py: PASSED
----------------------------------------
Running: tests/test_combat_damage.py
pygame 2.6.1 (SDL 2.28.4, Python 3.13.5)
Hello from the pygame community. https://www.pygame.org/contribute.html
[DataLoader] Items loaded: Consumables=23, Staves=6, Lanterns=3

[TEST] 戦闘ダメージ計算テストを開始 (実クラス使用版)...
[[93mWARNING[0m] Image not found: components/pictures/armor/adventurers_clothes/right.png
DEBUG: AttackerAtk=8, TargetDef=1
プレイヤー攻撃テスト(正面): Damage=7, Crit=False, Miss=False
[[93mWARNING[0m] Image not found: components/pictures/armor/adventurers_clothes/right.png
敵攻撃テスト(装備なし): Damage=9, Def=3
[[93mWARNING[0m] Image not found: components/pictures/armor/adventurers_clothes/right.png
[[93mWARNING[0m] Image not found: components/pictures/armor/leather_armor/right.png
防具装備状態: BaseDef=3, TotalDef=13
敵攻撃テスト(防具あり): Damage=10, TotalDef=13
[SUCCESS] ダメージ計算テストが正常に完了しました。

ALL COMBAT DAMAGE TESTS PASSED
✅ tests/test_combat_damage.py: PASSED
----------------------------------------
Running: tests/test_combat_logic.py
2026-05-13 16:28:40.367 Python[69796:64653299] +[IMKClient subclass]: chose IMKClient_Modern
2026-05-13 16:28:40.367 Python[69796:64653299] +[IMKInputSession subclass]: chose IMKInputSession_Modern
pygame 2.6.1 (SDL 2.28.4, Python 3.13.5)
Hello from the pygame community. https://www.pygame.org/contribute.html
[DataLoader] Items loaded: Consumables=23, Staves=6, Lanterns=3
[[93mWARNING[0m] Image not found: components/pictures/armor/adventurers_clothes/right.png
Floor 1 theme: shallow
[DUNGEON] Theme 'shallow' cached.
Testing Combat: Enemy Initial HP = 11
Attack Trial 1/20...
[COMBAT] 自分 -> スライム: Damage=459, Critical=False, Miss=False, TargetHP: 0, TargetCond: normal
[OK] Hit detected! Enemy HP: 11 -> 0

[RESULT] Combat Logic Test: PASSED
✅ tests/test_combat_logic.py: PASSED
----------------------------------------
Running: tests/test_attack_turn_transition.py
pygame 2.6.1 (SDL 2.28.4, Python 3.13.5)
Hello from the pygame community. https://www.pygame.org/contribute.html
[DataLoader] Items loaded: Consumables=23, Staves=6, Lanterns=3

[TEST] 攻撃後のターン遷移テストを開始...
[[93mWARNING[0m] Image not found: components/pictures/armor/adventurers_clothes/right.png
初期状態: turn_state=player, player.is_attacking=False
攻撃開始後: is_attacking=True, enemy_turn_pending=True
[COMBAT] 自分 -> スライム: Damage=7, Critical=False, Miss=False, TargetHP: 4, TargetCond: normal
アニメーション終了後: is_attacking=False, turn_state=enemies
[SUCCESS] 攻撃後のターン遷移が正常に確認されました。

ALL TESTS PASSED
✅ tests/test_attack_turn_transition.py: PASSED
----------------------------------------
Running: tests/test_collision_phasing.py
2026-05-13 16:28:41.672 Python[69806:64653389] +[IMKClient subclass]: chose IMKClient_Modern
2026-05-13 16:28:41.672 Python[69806:64653389] +[IMKInputSession subclass]: chose IMKInputSession_Modern
pygame 2.6.1 (SDL 2.28.4, Python 3.13.5)
Hello from the pygame community. https://www.pygame.org/contribute.html
[DataLoader] Items loaded: Consumables=23, Staves=6, Lanterns=3
Floor 1 theme: shallow
[DUNGEON] Theme 'shallow' cached.
[[93mWARNING[0m] Image not found: components/pictures/armor/adventurers_clothes/right.png
Testing Phasing: Enemy moving (2,2) -> (3,2). Player trying to enter (3,2).
[OK] Phasing blocked! Player cannot enter the enemy's target tile.
Testing Idle: Enemy idling at (3,2) with offset. Player trying to enter (3,2).
[OK] Idle collision blocked!

[RESULT] Collision Phasing Test: PASSED
✅ tests/test_collision_phasing.py: PASSED
----------------------------------------
Running: tests/test_decimal_impact.py
pygame 2.6.1 (SDL 2.28.4, Python 3.13.5)
Hello from the pygame community. https://www.pygame.org/contribute.html
--- [検証] 小数点攻撃力の有効性テスト ---
[DataLoader] Items loaded: Consumables=23, Staves=6, Lanterns=3
[COMBAT] Player -> Slime: Damage=1, Critical=False, Miss=False, TargetHP: 100, TargetCond: <MagicMock name='mock.condition' id='4389637488'>
[COMBAT] Player -> Slime: Damage=1, Critical=False, Miss=False, TargetHP: 100, TargetCond: <MagicMock name='mock.condition' id='4389637488'>
[COMBAT] Player -> Slime: Damage=1, Critical=False, Miss=False, TargetHP: 100, TargetCond: <MagicMock name='mock.condition' id='4389637488'>
[COMBAT] Player -> Slime: Damage=1, Critical=False, Miss=False, TargetHP: 100, TargetCond: <MagicMock name='mock.condition' id='4389637488'>
[COMBAT] Player -> Slime: Damage=1, Critical=False, Miss=False, TargetHP: 100, TargetCond: <MagicMock name='mock.condition' id='4389637488'>
[COMBAT] Player -> Slime: Damage=1, Critical=False, Miss=False, TargetHP: 100, TargetCond: <MagicMock name='mock.condition' id='4389637488'>
[COMBAT] Player -> Slime: Damage=1, Critical=False, Miss=False, TargetHP: 100, TargetCond: <MagicMock name='mock.condition' id='4389637488'>
[COMBAT] Player -> Slime: Damage=1, Critical=False, Miss=False, TargetHP: 100, TargetCond: <MagicMock name='mock.condition' id='4389637488'>
[COMBAT] Player -> Slime: Damage=9, Critical=True, Miss=False, TargetHP: 100, TargetCond: <MagicMock name='mock.condition' id='4389637488'>
[COMBAT] Player -> Slime: Damage=1, Critical=False, Miss=False, TargetHP: 100, TargetCond: <MagicMock name='mock.condition' id='4389637488'>
攻撃力 8.0 の時のダメージ平均: 1.80 (Min: 1, Max: 9)
[COMBAT] Player -> Slime: Damage=2, Critical=False, Miss=False, TargetHP: 100, TargetCond: <MagicMock name='mock.condition' id='4389637488'>
[COMBAT] Player -> Slime: Damage=2, Critical=False, Miss=False, TargetHP: 100, TargetCond: <MagicMock name='mock.condition' id='4389637488'>
[COMBAT] Player -> Slime: Damage=2, Critical=False, Miss=False, TargetHP: 100, TargetCond: <MagicMock name='mock.condition' id='4389637488'>
[COMBAT] Player -> Slime: Damage=2, Critical=False, Miss=False, TargetHP: 100, TargetCond: <MagicMock name='mock.condition' id='4389637488'>
[COMBAT] Player -> Slime: Damage=2, Critical=False, Miss=False, TargetHP: 100, TargetCond: <MagicMock name='mock.condition' id='4389637488'>
[COMBAT] Player -> Slime: Damage=9, Critical=True, Miss=False, TargetHP: 100, TargetCond: <MagicMock name='mock.condition' id='4389637488'>
[COMBAT] Player -> Slime: Damage=10, Critical=True, Miss=False, TargetHP: 100, TargetCond: <MagicMock name='mock.condition' id='4389637488'>
[COMBAT] Player -> Slime: Damage=2, Critical=False, Miss=False, TargetHP: 100, TargetCond: <MagicMock name='mock.condition' id='4389637488'>
[COMBAT] Player -> Slime: Damage=2, Critical=False, Miss=False, TargetHP: 100, TargetCond: <MagicMock name='mock.condition' id='4389637488'>
[COMBAT] Player -> Slime: Damage=10, Critical=True, Miss=False, TargetHP: 100, TargetCond: <MagicMock name='mock.condition' id='4389637488'>
攻撃力 8.2 の時のダメージ平均: 4.30 (Min: 2, Max: 10)
[OK] 小数点以下の攻撃力がダメージ計算に正しく反映されています。
✅ tests/test_decimal_impact.py: PASSED
----------------------------------------
Running: tests/test_equipment_offsets.py
2026-05-13 16:28:42.785 Python[69812:64653470] +[IMKClient subclass]: chose IMKClient_Modern
2026-05-13 16:28:42.785 Python[69812:64653470] +[IMKInputSession subclass]: chose IMKInputSession_Modern
pygame 2.6.1 (SDL 2.28.4, Python 3.13.5)
Hello from the pygame community. https://www.pygame.org/contribute.html
[DataLoader] Items loaded: Consumables=23, Staves=6, Lanterns=3
[TEST] 装備品オフセット変更の検証を開始...
[[93mWARNING[0m] Image not found: components/pictures/armor/adventurers_clothes/right.png

[Shield Offset Test]
[[93mWARNING[0m] Image not found: components/pictures/shield/wooden_round_shield/left.png
[[93mWARNING[0m] Image not found: components/pictures/shield/wooden_round_shield/right.png
[[93mWARNING[0m] Image not found: components/pictures/shield/wooden_round_shield/up.png
初期オフセット (down): 22, 15
変更後オフセット (down): 32, 35
✓ 盾のオフセット反映成功

[Armor Offset Test]
[[93mWARNING[0m] Image not found: components/pictures/armor/adventurers_clothes/right.png
初期オフセット (left): 0, 0
変更後オフセット (left): -5, 15
✓ 鎧のオフセット反映成功

[Weapon Offset Test]
初期武器オフセット (right): -7, -4
変更後武器オフセット (right): 23, -14
✓ 武器のオフセット反映成功

[SUCCESS] すべての装備品オフセット検証を通過しました！
✅ tests/test_equipment_offsets.py: PASSED
----------------------------------------
Running: tests/test_evasion.py
pygame 2.6.1 (SDL 2.28.4, Python 3.13.5)
Hello from the pygame community. https://www.pygame.org/contribute.html
[DataLoader] Items loaded: Consumables=23, Staves=6, Lanterns=3

[TEST] 回避率の統計テストを開始 (1000回試行)...
[[93mWARNING[0m] Image not found: components/pictures/armor/adventurers_clothes/right.png
回避率 20% テスト結果: Miss=202/1000 (20.2%)
回避 20% + ブロック 10% テスト結果: Miss=314/1000 (31.4%)
[SUCCESS] 回避率・ブロック率の統計テストが正常に完了しました。
✅ tests/test_evasion.py: PASSED
----------------------------------------
Running: tests/test_movement.py
..
----------------------------------------------------------------------
Ran 2 tests in 0.000s

OK
pygame 2.6.1 (SDL 2.28.4, Python 3.13.5)
Hello from the pygame community. https://www.pygame.org/contribute.html
✅ tests/test_movement.py: PASSED
----------------------------------------
Running: tests/test_rank_limit.py
pygame 2.6.1 (SDL 2.28.4, Python 3.13.5)
Hello from the pygame community. https://www.pygame.org/contribute.html
[DataLoader] Items loaded: Consumables=23, Staves=6, Lanterns=3
--- [統合テスト] ランク '-' (未加入) の制限 & ワープテスト ---
[[93mWARNING[0m] Image not found: components/pictures/armor/adventurers_clothes/right.png
Floor 0 theme: home
[DUNGEON] Theme 'home' cached.
[Step] ダイアログで『はい』を選択して遷移を検証
[MEMORY] Dungeon texture cache cleared (1 themes)
Floor 1 theme: shallow
[DUNGEON] Theme 'shallow' cached.
[Dungeon] Converted 1 sandwiched walls to floor.
[Obstacle] pot HP set to 8
[Obstacle] wood_barrel HP set to 16
[POPULATION] Floor 1 | Rooms: 5 | Monsters: 4/10 | Obstacles: 2/2 | Reason: Warped
[Dungeon] Floor 1 | Item Candidates: 26 | Spawning: 2
[Dungeon] Floor 1 | Potential Tiles: 39
  - Item 1: 木の円盾 at (7, 17)
  - Item 2: 壊れた盾 at (15, 13)
[Dungeon] Floor 1 | Total Items Placed: 2/2
[AUTO-SAVE] Floor transition (-1 -> 1). Saving to persistent file: /Users/tj/Desktop/2DGame/components/data/savefile/save_data_test.json
[SYSTEM] Saving progress to /Users/tj/Desktop/2DGame/components/data/savefile/save_data_test.json...
Floor 10 theme: standard
[DUNGEON] Theme 'standard' cached.
Floor 11 theme: temple
[DUNGEON] Theme 'temple' cached.
[OK] ランク '-' の統合テスト通過
--- [統合テスト] ランク 'F' の制限 & ワープテスト ---
[[93mWARNING[0m] Image not found: components/pictures/armor/adventurers_clothes/right.png
Floor 11 theme: temple
[DUNGEON] Theme 'temple' loaded from cache.
[MEMORY] Dungeon texture cache cleared (3 themes)
Floor 12 theme: temple
[DUNGEON] Theme 'temple' cached.
[Obstacle] skeleton HP set to 8
[Obstacle] pot HP set to 8
[Obstacle] crate HP set to 16
[POPULATION] Floor 12 | Rooms: 4 | Monsters: 4/11 | Obstacles: 3/3 | Reason: Warped
[Dungeon] Floor 12 | Item Candidates: 34 | Spawning: 2
[Dungeon] Floor 12 | Potential Tiles: 163
  - Item 1: ヒールポーション at (7, 12)
  - Item 2: 鋼の円盾 at (25, 9)
[Dungeon] Floor 12 | Total Items Placed: 2/2
[AUTO-SAVE] Floor transition (-1 -> 12). Saving to persistent file: /Users/tj/Desktop/2DGame/components/data/savefile/save_data_test.json
[SYSTEM] Saving progress to /Users/tj/Desktop/2DGame/components/data/savefile/save_data_test.json...
[OK] ランク 'F' の統合テスト通過
--- [統合テスト] 落とし穴(Pitfall)のランク制限テスト ---
[[93mWARNING[0m] Image not found: components/pictures/armor/adventurers_clothes/right.png
Floor 1 theme: shallow
[DUNGEON] Theme 'shallow' cached.
ランク不足踏み込み: dialog.is_active=True, player.x=4
[DUNGEON] Trap Triggered: type=pitfall, msg=落とし穴 を踏んだ
真っ暗な穴に 落ちていく...
昇格クエスト中踏み込み: player.is_falling=True, trap.is_triggered=True
[OK] 落とし穴のランク制限テスト通過

=== すべてのランク制限・遷移統合テストに合格しました！ ===
✅ tests/test_rank_limit.py: PASSED
----------------------------------------
Running: tests/test_trap.py
pygame 2.6.1 (SDL 2.28.4, Python 3.13.5)
Hello from the pygame community. https://www.pygame.org/contribute.html
[DataLoader] Items loaded: Consumables=23, Staves=6, Lanterns=3
--- 毒矢の罠テスト開始 ---
[[93mWARNING[0m] Image not found: components/pictures/armor/adventurers_clothes/right.png
Floor 1 theme: shallow
[DUNGEON] Theme 'shallow' cached.
[Obstacle] crate HP set to 16
[Obstacle] pot HP set to 8
[POPULATION] Floor 1 | Rooms: 4 | Monsters: 3/8 | Obstacles: 2/2 | Reason: Warped
[Dungeon] Floor 1 | Item Candidates: 26 | Spawning: 1
[Dungeon] Floor 1 | Potential Tiles: 46
  - Item 1: 壊れた杖 at (2, 19)
[Dungeon] Floor 1 | Total Items Placed: 1/1
[AUTO-SAVE] Floor transition (-1 -> 1). Saving to persistent file: /Users/tj/Desktop/2DGame/components/data/savefile/save_data_test.json
[SYSTEM] Saving progress to /Users/tj/Desktop/2DGame/components/data/savefile/save_data_test.json...
[DUNGEON] Trap Triggered: type=poison_trap, msg=毒矢の罠 を踏んだ

毒を受けてしまった！
プレイヤーの現在の状態: poison
[OK] 毒状態での描画成功（クラッシュなし）
[OK] 毒矢の罠テスト合格！
--- 地雷の罠テスト開始 ---
[[93mWARNING[0m] Image not found: components/pictures/armor/adventurers_clothes/right.png
[MEMORY] Dungeon texture cache cleared (1 themes)
Floor 1 theme: shallow
[DUNGEON] Theme 'shallow' cached.
[Obstacle] pot HP set to 8
[Obstacle] wood_barrel HP set to 16
[POPULATION] Floor 1 | Rooms: 5 | Monsters: 2/10 | Obstacles: 2/2 | Reason: Warped
[Dungeon] Floor 1 | Item Candidates: 26 | Spawning: 2
[Dungeon] Floor 1 | Potential Tiles: 38
  - Item 1: 皮の胸当て at (3, 5)
  - Item 2: 火炎の杖 at (10, 3)
[Dungeon] Floor 1 | Total Items Placed: 2/2
[AUTO-SAVE] Floor transition (-1 -> 1). Saving to persistent file: /Users/tj/Desktop/2DGame/components/data/savefile/save_data_test.json
[SYSTEM] Saving progress to /Users/tj/Desktop/2DGame/components/data/savefile/save_data_test.json...
[DUNGEON] Trap Triggered: type=mine, msg=地雷 を踏んだ
地雷を踏んだ 50 ダメージ
初期HP: 100 -> 踏んだ後のHP: 50
[OK] 地雷の罠テスト合格！
✅ tests/test_trap.py: PASSED
----------------------------------------
Running: tests/test_quest_feedback.py
.
----------------------------------------------------------------------
Ran 1 test in 0.001s

OK
pygame 2.6.1 (SDL 2.28.4, Python 3.13.5)
Hello from the pygame community. https://www.pygame.org/contribute.html
[DataLoader] Items loaded: Consumables=23, Staves=6, Lanterns=3
[[93mWARNING[0m] Image not found: components/pictures/armor/adventurers_clothes/right.png
Completion message: 
<Y>【瓦礫の撤去】の条件を達成した！</Y>
帰還して報告しよう。
Yellow line detected: 【瓦礫の撤去】の条件を達成した！
✅ tests/test_quest_feedback.py: PASSED
----------------------------------------
Running: tests/test_quest_generation.py
.pygame 2.6.1 (SDL 2.28.4, Python 3.13.5)
Hello from the pygame community. https://www.pygame.org/contribute.html
[DataLoader] Items loaded: Consumables=23, Staves=6, Lanterns=3
Generated Quest: [怪しい研究者] [F] 木箱を2個破壊 - 放置された木箱が探索の妨げになっています。片付けてください。
Generated Quest: [腕利きの料理人] [F] ふつうたこを2匹討伐 - 深層へ向かうルートにふつうたこが群生しています。早急な対応を！
Generated Quest: [村の老人] [F] 壺を2個破壊 - 探索路に壺が放置されていて邪魔です。撤去をお願いします。
Generated Quest: [倉庫の管理人] [F] ふつうたこを3匹討伐 - 探索中の商人がふつうたこに襲われました。安全確保のため討伐をお願いします。
Generated Quest: [引退した冒険者] [F] まわるがめを3匹討伐 - 最近、ダンジョンの浅層でまわるがめが増えすぎて困っています。少し数を減らしてください。
Generated Quest: [心配性の母親] [F] ふつうたこを3匹討伐 - 探索中の商人がふつうたこに襲われました。安全確保のため討伐をお願いします。
Generated Quest: [商人のギルド長] [F] 木箱を3個破壊 - 探索路に木箱が放置されていて邪魔です。撤去をお願いします。
Generated Quest: [商人のギルド長] [F] 樽を3個破壊 - 古びた樽が通路を塞いでいます。破壊して進路を確保してください。
Generated Quest: [お忍びの貴族] [F] まわるがめを1匹討伐 - 探索のついでに、まわるがめを片付けてきてくれませんか？
Generated Quest: [怪しい研究者] [F] 瓦礫を1個破壊 - 放置された瓦礫が探索の妨げになっています。片付けてください。
Generated Quest: [腕利きの料理人] [F] 壺を1個破壊 - 古びた壺が通路を塞いでいます。破壊して進路を確保してください。
Generated Quest: [迷子の少女] [F] スライムを1匹討伐 - 深層へ向かうルートにスライムが群生しています。早急な対応を！
Generated Quest: [倉庫の管理人] [F] スライムを1匹討伐 - 生態系の調査のため、特定の階層におけるスライムの個体数調整が必要です。
Generated Quest: [銀行員] [F] スライムを1匹討伐 - 深層へ向かうルートにスライムが群生しています。早急な対応を！
Generated Quest: [旅の僧侶] [F] ふつうたこを2匹討伐 - 探索のついでに、ふつうたこを片付けてきてくれませんか？
Generated Quest: [引退した冒険者] [F] 樽を1個破壊 - 放置された樽が探索の妨げになっています。片付けてください。
Generated Quest: [倉庫の管理人] [F] ふつうたこを2匹討伐 - 探索中の商人がふつうたこに襲われました。安全確保のため討伐をお願いします。
Generated Quest: [名もなき旅人] [F] 樽を3個破壊 - 探索路の整備のため、邪魔な樽の撤去を依頼します。
Generated Quest: [怪しい研究者] [F] ふつうたこを1匹討伐 - 深層へ向かうルートにふつうたこが群生しています。早急な対応を！
Generated Quest: [引退した冒険者] [F] 木箱を3個破壊 - 放置された木箱が探索の妨げになっています。片付けてください。
Generated Quest: [旅の僧侶] [F] 木箱を3個破壊 - 探索路の整備のため、邪魔な木箱の撤去を依頼します。
Generated Quest: [村の老人] [F] まわるがめを2匹討伐 - 最近、ダンジョンの浅層でまわるがめが増えすぎて困っています。少し数を減らしてください。
Generated Quest: [名もなき旅人] [F] 壺を1個破壊 - 古びた壺が通路を塞いでいます。破壊して進路を確保してください。
Generated Quest: [倉庫の管理人] [F] 瓦礫を3個破壊 - 瓦礫の中に魔物が潜んでいるとの報告がありました。今のうちに破壊を！
Generated Quest: [腕利きの料理人] [F] 樽を1個破壊 - 古びた樽が通路を塞いでいます。破壊して進路を確保してください。
Generated Quest: [腕利きの料理人] [F] まわるがめを1匹討伐 - 探索中の商人がまわるがめに襲われました。安全確保のため討伐をお願いします。
Generated Quest: [武器屋の親父] [F] ふつうたこを3匹討伐 - 生態系の調査のため、特定の階層におけるふつうたこの個体数調整が必要です。
Generated Quest: [心配性の母親] [F] 木箱を1個破壊 - 木箱の中に魔物が潜んでいるとの報告がありました。今のうちに破壊を！
Generated Quest: [名もなき旅人] [F] スライムを3匹討伐 - 最近、ダンジョンの浅層でスライムが増えすぎて困っています。少し数を減らしてください。
Generated Quest: [商人のギルド長] [F] スライムを2匹討伐 - 最近、ダンジョンの浅層でスライムが増えすぎて困っています。少し数を減らしてください。
Generated Quest: [銀行員] [F] 瓦礫を1個破壊 - 探索路に瓦礫が放置されていて邪魔です。撤去をお願いします。
Generated Quest: [近所の農夫] [F] ふつうたこを3匹討伐 - 探索のついでに、ふつうたこを片付けてきてくれませんか？
Generated Quest: [武器屋の親父] [F] まわるがめを2匹討伐 - 探索のついでに、まわるがめを片付けてきてくれませんか？
Generated Quest: [村の老人] [F] 壺を2個破壊 - 古びた壺が通路を塞いでいます。破壊して進路を確保してください。
Generated Quest: [迷子の少女] [F] まわるがめを1匹討伐 - 深層へ向かうルートにまわるがめが群生しています。早急な対応を！
Generated Quest: [引退した冒険者] [F] まわるがめを2匹討伐 - 探索中の商人がまわるがめに襲われました。安全確保のため討伐をお願いします。
Generated Quest: [ギルドマスター] [F] スライムを1匹討伐 - 最近、ダンジョンの浅層でスライムが増えすぎて困っています。少し数を減らしてください。
Generated Quest: [困り果てた開拓者] [F] スライムを2匹討伐 - 探索中の商人がスライムに襲われました。安全確保のため討伐をお願いします。
Generated Quest: [村の老人] [F] 瓦礫を3個破壊 - 古びた瓦礫が通路を塞いでいます。破壊して進路を確保してください。
Generated Quest: [商人のギルド長] [F] 瓦礫を3個破壊 - 探索路に瓦礫が放置されていて邪魔です。撤去をお願いします。
Generated Quest: [引退した冒険者] [F] 瓦礫を1個破壊 - 探索路の整備のため、邪魔な瓦礫の撤去を依頼します。
Generated Quest: [お忍びの貴族] [F] まわるがめを2匹討伐 - 生態系の調査のため、特定の階層におけるまわるがめの個体数調整が必要です。
Generated Quest: [異国の商人] [F] 木箱を2個破壊 - 探索路の整備のため、邪魔な木箱の撤去を依頼します。
Generated Quest: [異国の商人] [F] 木箱を3個破壊 - 古びた木箱が通路を塞いでいます。破壊して進路を確保してください。
Generated Quest: [怪しい研究者] [F] ふつうたこを2匹討伐 - 深層へ向かうルートにふつうたこが群生しています。早急な対応を！
Generated Quest: [見習い冒険者] [F] 瓦礫を2個破壊 - 古びた瓦礫が通路を塞いでいます。破壊して進路を確保してください。
Generated Quest: [名もなき旅人] [F] スライムを1匹討伐 - 探索のついでに、スライムを片付けてきてくれませんか？
Generated Quest: [近所の農夫] [F] 瓦礫を3個破壊 - 放置された瓦礫が探索の妨げになっています。片付けてください。
Generated Quest: [商人のギルド長] [F] スライムを2匹討伐 - 最近、ダンジョンの浅層でスライムが増えすぎて困っています。少し数を減らしてください。.
----------------------------------------------------------------------
Ran 2 tests in 0.001s

OK

Generated Quest: [商人のギルド長] [F] ふつうたこを1匹討伐 - 深層へ向かうルートにふつうたこが群生しています。早急な対応を！
Generated Quest: [商人のギルド長] [F] 瓦礫を1個破壊 - 探索路に瓦礫が放置されていて邪魔です。撤去をお願いします。
Generated Quest: [宿屋の看板娘] [F] 木箱を2個破壊 - 探索路の整備のため、邪魔な木箱の撤去を依頼します。
Generated Quest: [異国の商人] [F] スライムを2匹討伐 - 深層へ向かうルートにスライムが群生しています。早急な対応を！
Generated Quest: [ギルドの受付嬢] [F] スライムを2匹討伐 - 探索のついでに、スライムを片付けてきてくれませんか？
Generated Quest: [大魔導士] [F] ふつうたこを1匹討伐 - 深層へ向かうルートにふつうたこが群生しています。早急な対応を！
Generated Quest: [ギルドの受付嬢] [F] 壺を3個破壊 - 古びた壺が通路を塞いでいます。破壊して進路を確保してください。
Generated Quest: [鍛冶屋の親方] [F] 瓦礫を2個破壊 - 瓦礫の中に魔物が潜んでいるとの報告がありました。今のうちに破壊を！
Generated Quest: [引退した冒険者] [F] 瓦礫を1個破壊 - 瓦礫の中に魔物が潜んでいるとの報告がありました。今のうちに破壊を！
Generated Quest: [大魔導士] [F] 木箱を1個破壊 - 探索路の整備のため、邪魔な木箱の撤去を依頼します。
Generated Quest: [大魔導士] [F] 瓦礫を1個破壊 - 古びた瓦礫が通路を塞いでいます。破壊して進路を確保してください。
Generated Quest: [名もなき旅人] [F] 樽を3個破壊 - 探索路の整備のため、邪魔な樽の撤去を依頼します。
Generated Quest: [見習い冒険者] [F] 瓦礫を3個破壊 - 古びた瓦礫が通路を塞いでいます。破壊して進路を確保してください。
Generated Quest: [困り果てた開拓者] [F] ふつうたこを2匹討伐 - 生態系の調査のため、特定の階層におけるふつうたこの個体数調整が必要です。
Generated Quest: [お忍びの貴族] [F] 木箱を1個破壊 - 探索路に木箱が放置されていて邪魔です。撤去をお願いします。
Generated Quest: [商人のギルド長] [F] スライムを1匹討伐 - 探索のついでに、スライムを片付けてきてくれませんか？
Generated Quest: [近所の農夫] [F] 瓦礫を2個破壊 - 放置された瓦礫が探索の妨げになっています。片付けてください。
Generated Quest: [お忍びの貴族] [F] 瓦礫を1個破壊 - 放置された瓦礫が探索の妨げになっています。片付けてください。
Generated Quest: [近所の農夫] [F] 木箱を2個破壊 - 探索路の整備のため、邪魔な木箱の撤去を依頼します。
Generated Quest: [村の老人] [F] 木箱を3個破壊 - 探索路に木箱が放置されていて邪魔です。撤去をお願いします。
Generated Quest: [倉庫の管理人] [F] ふつうたこを2匹討伐 - 探索のついでに、ふつうたこを片付けてきてくれませんか？
Generated Quest: [村の医者] [F] まわるがめを2匹討伐 - 探索中の商人がまわるがめに襲われました。安全確保のため討伐をお願いします。
Generated Quest: [道具屋の店主] [F] 壺を2個破壊 - 探索路の整備のため、邪魔な壺の撤去を依頼します。
Generated Quest: [新米の衛兵] [F] まわるがめを1匹討伐 - 探索中の商人がまわるがめに襲われました。安全確保のため討伐をお願いします。
Generated Quest: [ギルドマスター] [F] 壺を3個破壊 - 壺の中に魔物が潜んでいるとの報告がありました。今のうちに破壊を！
Generated Quest: [お忍びの貴族] [F] ふつうたこを1匹討伐 - 深層へ向かうルートにふつうたこが群生しています。早急な対応を！
Generated Quest: [大魔導士] [F] まわるがめを2匹討伐 - 深層へ向かうルートにまわるがめが群生しています。早急な対応を！
Generated Quest: [商人のギルド長] [F] 樽を3個破壊 - 探索路に樽が放置されていて邪魔です。撤去をお願いします。
Generated Quest: [腕利きの料理人] [F] 木箱を2個破壊 - 古びた木箱が通路を塞いでいます。破壊して進路を確保してください。
Generated Quest: [困り果てた開拓者] [F] 木箱を2個破壊 - 探索路の整備のため、邪魔な木箱の撤去を依頼します。
Generated Quest: [近所の農夫] [F] 樽を2個破壊 - 古びた樽が通路を塞いでいます。破壊して進路を確保してください。
Generated Quest: [心配性の母親] [F] まわるがめを3匹討伐 - 探索のついでに、まわるがめを片付けてきてくれませんか？
Generated Quest: [腕利きの料理人] [F] 瓦礫を1個破壊 - 瓦礫の中に魔物が潜んでいるとの報告がありました。今のうちに破壊を！
Generated Quest: [近所の農夫] [F] 木箱を3個破壊 - 木箱の中に魔物が潜んでいるとの報告がありました。今のうちに破壊を！
Generated Quest: [倉庫の管理人] [F] 樽を1個破壊 - 探索路の整備のため、邪魔な樽の撤去を依頼します。
Generated Quest: [宿屋の看板娘] [F] 瓦礫を2個破壊 - 探索路に瓦礫が放置されていて邪魔です。撤去をお願いします。
Generated Quest: [村の老人] [F] まわるがめを1匹討伐 - 探索のついでに、まわるがめを片付けてきてくれませんか？
Generated Quest: [道具屋の店主] [F] スライムを3匹討伐 - 探索のついでに、スライムを片付けてきてくれませんか？
Generated Quest: [新米の衛兵] [F] ふつうたこを3匹討伐 - 探索中の商人がふつうたこに襲われました。安全確保のため討伐をお願いします。
Generated Quest: [旅の僧侶] [F] 木箱を1個破壊 - 探索路に木箱が放置されていて邪魔です。撤去をお願いします。
Generated Quest: [大魔導士] [F] 壺を2個破壊 - 探索路の整備のため、邪魔な壺の撤去を依頼します。
Generated Quest: [名もなき旅人] [F] 壺を1個破壊 - 壺の中に魔物が潜んでいるとの報告がありました。今のうちに破壊を！
Generated Quest: [迷子の少女] [F] 瓦礫を2個破壊 - 放置された瓦礫が探索の妨げになっています。片付けてください。
Generated Quest: [お忍びの貴族] [F] 瓦礫を1個破壊 - 探索路に瓦礫が放置されていて邪魔です。撤去をお願いします。
Generated Quest: [旅の僧侶] [F] スライムを2匹討伐 - 深層へ向かうルートにスライムが群生しています。早急な対応を！
Generated Quest: [村の老人] [F] スライムを1匹討伐 - 深層へ向かうルートにスライムが群生しています。早急な対応を！
Generated Quest: [宿屋の看板娘] [F] スライムを3匹討伐 - 生態系の調査のため、特定の階層におけるスライムの個体数調整が必要です。
Generated Quest: [近所の農夫] [F] スライムを1匹討伐 - 深層へ向かうルートにスライムが群生しています。早急な対応を！
Generated Quest: [鍛冶屋の親方] [F] スライムを1匹討伐 - 生態系の調査のため、特定の階層におけるスライムの個体数調整が必要です。
Generated Quest: [武器屋の親父] [F] 壺を3個破壊 - 古びた壺が通路を塞いでいます。破壊して進路を確保してください。
Generated Quest: [宿屋の女将] [F] スライムを1匹討伐 - 探索のついでに、スライムを片付けてきてくれませんか？
✅ tests/test_quest_generation.py: PASSED
----------------------------------------
Running: tests/test_delivery_all_types.py
2026-05-13 16:28:46.137 Python[69831:64653662] +[IMKClient subclass]: chose IMKClient_Modern
2026-05-13 16:28:46.137 Python[69831:64653662] +[IMKInputSession subclass]: chose IMKInputSession_Modern
.......
----------------------------------------------------------------------
Ran 7 tests in 0.653s

OK
pygame 2.6.1 (SDL 2.28.4, Python 3.13.5)
Hello from the pygame community. https://www.pygame.org/contribute.html
[DataLoader] Items loaded: Consumables=23, Staves=6, Lanterns=3
[[93mWARNING[0m] Image not found: components/pictures/armor/adventurers_clothes/right.png
[[93mWARNING[0m] Image not found: components/pictures/armor/adventurers_clothes/right.png
[[93mWARNING[0m] Image not found: components/pictures/armor/adventurers_clothes/right.png
[[93mWARNING[0m] Image not found: components/pictures/armor/adventurers_clothes/right.png
[[93mWARNING[0m] Image not found: components/pictures/armor/adventurers_clothes/right.png
[[93mWARNING[0m] Image not found: components/pictures/armor/adventurers_clothes/right.png
[[93mWARNING[0m] Image not found: components/pictures/armor/adventurers_clothes/right.png
✅ tests/test_delivery_all_types.py: PASSED
----------------------------------------
Running: tests/test_boss_spawn.py
2026-05-13 16:28:47.118 Python[69838:64653704] +[IMKClient subclass]: chose IMKClient_Modern
2026-05-13 16:28:47.119 Python[69838:64653704] +[IMKInputSession subclass]: chose IMKInputSession_Modern
pygame 2.6.1 (SDL 2.28.4, Python 3.13.5)
Hello from the pygame community. https://www.pygame.org/contribute.html
[DataLoader] Items loaded: Consumables=23, Staves=6, Lanterns=3
--- 10Fボス確定出現テスト開始 ---
[[93mWARNING[0m] Image not found: components/pictures/armor/adventurers_clothes/right.png
Floor 10 theme: standard
[DUNGEON] Theme 'standard' cached.
[Dungeon] Boss suisui_slime spawned guaranteed at floor 10.
[Obstacle] crate HP set to 16
[Obstacle] crate HP set to 16
[POPULATION] Floor 10 | Rooms: 5 | Monsters: 8/13 | Obstacles: 2/2 | Reason: Warped
[Dungeon] Floor 10 | Item Candidates: 26 | Spawning: 3
[Dungeon] Floor 10 | Potential Tiles: 152
  - Item 1: 吹き飛ばしの杖 at (29, 22)
  - Item 2: 冒険者の服 at (2, 13)
  - Item 3: 鉄の胸当て at (5, 10)
[Dungeon] Floor 10 | Total Items Placed: 3/3
[Audio] BGM file not found: components/sounds/bgm/dungeon_boss.mp3
[AUTO-SAVE] Floor transition (-1 -> 10). Saving to persistent file: /Users/tj/Desktop/2DGame/components/data/savefile/save_data_test.json
[SYSTEM] Saving progress to /Users/tj/Desktop/2DGame/components/data/savefile/save_data_test.json...
[TEST] Iteration 0: suisui_slime spawned successfully.
[MEMORY] Dungeon texture cache cleared (1 themes)
Floor 10 theme: standard
[DUNGEON] Theme 'standard' cached.
[Dungeon] Boss suisui_slime spawned guaranteed at floor 10.
[Obstacle] rubble HP set to 24
[Obstacle] rubble HP set to 24
[POPULATION] Floor 10 | Rooms: 5 | Monsters: 5/13 | Obstacles: 2/2 | Reason: Warped
[Dungeon] Floor 10 | Item Candidates: 26 | Spawning: 3
[Dungeon] Floor 10 | Potential Tiles: 80
  - Item 1: 壊れかけの剣 at (3, 2)
  - Item 2: ヒールポーション at (31, 18)
  - Item 3: ヒールポーション at (30, 20)
[Dungeon] Floor 10 | Total Items Placed: 3/3
[Audio] BGM file not found: components/sounds/bgm/dungeon_boss.mp3
[TEST] Iteration 1: suisui_slime spawned successfully.
[MEMORY] Dungeon texture cache cleared (1 themes)
Floor 10 theme: standard
[DUNGEON] Theme 'standard' cached.
[Dungeon] Boss suisui_slime spawned guaranteed at floor 10.
[Obstacle] rubble HP set to 24
[Obstacle] crate HP set to 16
[POPULATION] Floor 10 | Rooms: 4 | Monsters: 3/11 | Obstacles: 2/2 | Reason: Warped
[Dungeon] Floor 10 | Item Candidates: 26 | Spawning: 2
[Dungeon] Floor 10 | Potential Tiles: 141
  - Item 1: 皮の胸当て at (20, 10)
  - Item 2: 回復の杖 at (7, 11)
[Dungeon] Floor 10 | Total Items Placed: 2/2
[Audio] BGM file not found: components/sounds/bgm/dungeon_boss.mp3
[TEST] Iteration 2: suisui_slime spawned successfully.
[MEMORY] Dungeon texture cache cleared (1 themes)
Floor 10 theme: standard
[DUNGEON] Theme 'standard' cached.
[Dungeon] Boss suisui_slime spawned guaranteed at floor 10.
[Obstacle] rubble HP set to 24
[Obstacle] wood_barrel HP set to 16
[POPULATION] Floor 10 | Rooms: 4 | Monsters: 4/11 | Obstacles: 2/2 | Reason: Warped
[Dungeon] Floor 10 | Item Candidates: 26 | Spawning: 2
[Dungeon] Floor 10 | Potential Tiles: 126
  - Item 1: 燈の杖 at (12, 15)
  - Item 2: 鉄の胸当て at (15, 16)
[Dungeon] Floor 10 | Total Items Placed: 2/2
[Audio] BGM file not found: components/sounds/bgm/dungeon_boss.mp3
[TEST] Iteration 3: suisui_slime spawned successfully.
[MEMORY] Dungeon texture cache cleared (1 themes)
Floor 10 theme: standard
[DUNGEON] Theme 'standard' cached.
[Dungeon] Boss suisui_slime spawned guaranteed at floor 10.
[Obstacle] wood_barrel HP set to 16
[Obstacle] crate HP set to 16
[POPULATION] Floor 10 | Rooms: 4 | Monsters: 4/11 | Obstacles: 2/2 | Reason: Warped
[Dungeon] Floor 10 | Item Candidates: 26 | Spawning: 2
[Dungeon] Floor 10 | Potential Tiles: 106
  - Item 1: 火炎の杖 at (14, 11)
  - Item 2: 皮の円盾 at (28, 10)
[Dungeon] Floor 10 | Total Items Placed: 2/2
[Audio] BGM file not found: components/sounds/bgm/dungeon_boss.mp3
[TEST] Iteration 4: suisui_slime spawned successfully.
[MEMORY] Dungeon texture cache cleared (1 themes)
Floor 10 theme: standard
[DUNGEON] Theme 'standard' cached.
[Dungeon] Boss suisui_slime spawned guaranteed at floor 10.
[Obstacle] pot HP set to 8
[Obstacle] pot HP set to 8
[POPULATION] Floor 10 | Rooms: 4 | Monsters: 6/11 | Obstacles: 2/2 | Reason: Warped
[Dungeon] Floor 10 | Item Candidates: 26 | Spawning: 2
[Dungeon] Floor 10 | Potential Tiles: 115
  - Item 1: 火炎の杖 at (16, 27)
  - Item 2: 皮の円盾 at (7, 8)
[Dungeon] Floor 10 | Total Items Placed: 2/2
[Audio] BGM file not found: components/sounds/bgm/dungeon_boss.mp3
[TEST] Iteration 5: suisui_slime spawned successfully.
[MEMORY] Dungeon texture cache cleared (1 themes)
Floor 10 theme: standard
[DUNGEON] Theme 'standard' cached.
[Dungeon] Boss suisui_slime spawned guaranteed at floor 10.
[Obstacle] crate HP set to 16
[Obstacle] rubble HP set to 24
[POPULATION] Floor 10 | Rooms: 4 | Monsters: 6/11 | Obstacles: 2/2 | Reason: Warped
[Dungeon] Floor 10 | Item Candidates: 26 | Spawning: 2
[Dungeon] Floor 10 | Potential Tiles: 72
  - Item 1: 火炎の杖 at (10, 23)
  - Item 2: 木の棍棒 at (22, 28)
[Dungeon] Floor 10 | Total Items Placed: 2/2
[Audio] BGM file not found: components/sounds/bgm/dungeon_boss.mp3
[TEST] Iteration 6: suisui_slime spawned successfully.
[MEMORY] Dungeon texture cache cleared (1 themes)
Floor 10 theme: standard
[DUNGEON] Theme 'standard' cached.
[Dungeon] Boss suisui_slime spawned guaranteed at floor 10.
[Obstacle] pot HP set to 8
[Obstacle] pot HP set to 8
[POPULATION] Floor 10 | Rooms: 4 | Monsters: 4/11 | Obstacles: 2/2 | Reason: Warped
[Dungeon] Floor 10 | Item Candidates: 26 | Spawning: 2
[Dungeon] Floor 10 | Potential Tiles: 85
  - Item 1: ヒールポーション at (7, 21)
  - Item 2: 燈の杖 at (24, 30)
[Dungeon] Floor 10 | Total Items Placed: 2/2
[Audio] BGM file not found: components/sounds/bgm/dungeon_boss.mp3
[TEST] Iteration 7: suisui_slime spawned successfully.
[MEMORY] Dungeon texture cache cleared (1 themes)
Floor 10 theme: standard
[DUNGEON] Theme 'standard' cached.
[Dungeon] Boss suisui_slime spawned guaranteed at floor 10.
[Obstacle] rubble HP set to 24
[Obstacle] wood_barrel HP set to 16
[POPULATION] Floor 10 | Rooms: 5 | Monsters: 6/13 | Obstacles: 2/2 | Reason: Warped
[Dungeon] Floor 10 | Item Candidates: 26 | Spawning: 3
[Dungeon] Floor 10 | Potential Tiles: 148
  - Item 1: 木の棍棒 at (20, 6)
  - Item 2: 壊れた鎧 at (32, 10)
  - Item 3: 鉄の胸当て at (32, 7)
[Dungeon] Floor 10 | Total Items Placed: 3/3
[Audio] BGM file not found: components/sounds/bgm/dungeon_boss.mp3
[TEST] Iteration 8: suisui_slime spawned successfully.
[MEMORY] Dungeon texture cache cleared (1 themes)
Floor 10 theme: standard
[DUNGEON] Theme 'standard' cached.
[Dungeon] Boss suisui_slime spawned guaranteed at floor 10.
[Obstacle] wood_barrel HP set to 16
[Obstacle] rubble HP set to 24
[POPULATION] Floor 10 | Rooms: 4 | Monsters: 4/11 | Obstacles: 2/2 | Reason: Warped
[Dungeon] Floor 10 | Item Candidates: 26 | Spawning: 2
[Dungeon] Floor 10 | Potential Tiles: 89
  - Item 1: ハイポーション at (27, 20)
  - Item 2: 火炎の杖 at (28, 19)
[Dungeon] Floor 10 | Total Items Placed: 2/2
[Audio] BGM file not found: components/sounds/bgm/dungeon_boss.mp3
[TEST] Iteration 9: suisui_slime spawned successfully.

--- 壁内スポーン防止テスト開始 ---
[[93mWARNING[0m] Image not found: components/pictures/armor/adventurers_clothes/right.png
[MEMORY] Dungeon texture cache cleared (1 themes)
Floor 10 theme: standard
[DUNGEON] Theme 'standard' cached.
[Dungeon] Boss suisui_slime spawned guaranteed at floor 10.
[Obstacle] wood_barrel HP set to 16
[Obstacle] pot HP set to 8
[POPULATION] Floor 10 | Rooms: 4 | Monsters: 6/11 | Obstacles: 2/2 | Reason: Warped
[Dungeon] Floor 10 | Item Candidates: 26 | Spawning: 2
[Dungeon] Floor 10 | Potential Tiles: 111
  - Item 1: 吹き飛ばしの杖 at (22, 9)
  - Item 2: 壊れかけの剣 at (23, 6)
[Dungeon] Floor 10 | Total Items Placed: 2/2
[Audio] BGM file not found: components/sounds/bgm/dungeon_boss.mp3
[AUTO-SAVE] Floor transition (-1 -> 10). Saving to persistent file: /Users/tj/Desktop/2DGame/components/data/savefile/save_data_test.json
[SYSTEM] Saving progress to /Users/tj/Desktop/2DGame/components/data/savefile/save_data_test.json...
[TEST] Iteration 0: All 8 enemies are spawned safely on floor tiles.
[MEMORY] Dungeon texture cache cleared (1 themes)
Floor 10 theme: standard
[DUNGEON] Theme 'standard' cached.
[Dungeon] Boss suisui_slime spawned guaranteed at floor 10.
[Obstacle] pot HP set to 8
[Obstacle] rubble HP set to 24
[POPULATION] Floor 10 | Rooms: 4 | Monsters: 4/11 | Obstacles: 2/2 | Reason: Warped
[Dungeon] Floor 10 | Item Candidates: 26 | Spawning: 2
[Dungeon] Floor 10 | Potential Tiles: 103
  - Item 1: 皮の円盾 at (20, 9)
  - Item 2: 壊れた鎧 at (3, 7)
[Dungeon] Floor 10 | Total Items Placed: 2/2
[Audio] BGM file not found: components/sounds/bgm/dungeon_boss.mp3
[TEST] Iteration 1: All 6 enemies are spawned safely on floor tiles.
[MEMORY] Dungeon texture cache cleared (1 themes)
Floor 10 theme: standard
[DUNGEON] Theme 'standard' cached.
[Dungeon] Boss suisui_slime spawned guaranteed at floor 10.
[Obstacle] crate HP set to 16
[Obstacle] wood_barrel HP set to 16
[POPULATION] Floor 10 | Rooms: 5 | Monsters: 4/13 | Obstacles: 2/2 | Reason: Warped
[Dungeon] Floor 10 | Item Candidates: 26 | Spawning: 3
[Dungeon] Floor 10 | Potential Tiles: 137
  - Item 1: 壊れた盾 at (3, 12)
  - Item 2: 木の棍棒 at (21, 31)
  - Item 3: 壊れかけの剣 at (3, 29)
[Dungeon] Floor 10 | Total Items Placed: 3/3
[Audio] BGM file not found: components/sounds/bgm/dungeon_boss.mp3
[TEST] Iteration 2: All 6 enemies are spawned safely on floor tiles.
[MEMORY] Dungeon texture cache cleared (1 themes)
Floor 10 theme: standard
[DUNGEON] Theme 'standard' cached.
[Dungeon] Boss suisui_slime spawned guaranteed at floor 10.
[Obstacle] crate HP set to 16
[POPULATION] Floor 10 | Rooms: 3 | Monsters: 4/9 | Obstacles: 1/1 | Reason: Warped
[Dungeon] Floor 10 | Item Candidates: 26 | Spawning: 2
[Dungeon] Floor 10 | Potential Tiles: 105
  - Item 1: ヒールポーション at (30, 20)
  - Item 2: 鉄の胸当て at (12, 28)
[Dungeon] Floor 10 | Total Items Placed: 2/2
[Audio] BGM file not found: components/sounds/bgm/dungeon_boss.mp3
[TEST] Iteration 3: All 5 enemies are spawned safely on floor tiles.
[MEMORY] Dungeon texture cache cleared (1 themes)
Floor 10 theme: standard
[DUNGEON] Theme 'standard' cached.
[Dungeon] Converted 1 sandwiched walls to floor.
[Dungeon] Boss suisui_slime spawned guaranteed at floor 10.
[Obstacle] pot HP set to 8
[Obstacle] crate HP set to 16
[POPULATION] Floor 10 | Rooms: 4 | Monsters: 3/11 | Obstacles: 2/2 | Reason: Warped
[Dungeon] Floor 10 | Item Candidates: 26 | Spawning: 2
[Dungeon] Floor 10 | Potential Tiles: 91
  - Item 1: 火炎の杖 at (8, 25)
  - Item 2: 壊れかけの剣 at (26, 21)
[Dungeon] Floor 10 | Total Items Placed: 2/2
[Audio] BGM file not found: components/sounds/bgm/dungeon_boss.mp3
[TEST] Iteration 4: All 5 enemies are spawned safely on floor tiles.

✅ All boss spawn tests PASSED!
✅ tests/test_boss_spawn.py: PASSED
----------------------------------------
Running: tests/test_guild_autosave.py
2026-05-13 16:28:48.314 Python[69841:64653750] +[IMKClient subclass]: chose IMKClient_Modern
2026-05-13 16:28:48.314 Python[69841:64653750] +[IMKInputSession subclass]: chose IMKInputSession_Modern
pygame 2.6.1 (SDL 2.28.4, Python 3.13.5)
Hello from the pygame community. https://www.pygame.org/contribute.html
[DataLoader] Items loaded: Consumables=23, Staves=6, Lanterns=3

--- ギルドクエスト達成時自動セーブテスト ---
[[93mWARNING[0m] Image not found: components/pictures/armor/adventurers_clothes/right.png
[TEST] クエスト報告実行: テスト用納品依頼
[GUILD] Quest 'テスト用納品依頼' completed. Auto-saving...
[SYSTEM] Saving progress to /Users/tj/Desktop/2DGame/components/data/savefile/save_data_test.json...
[TEST] 保存データ確認: coin=100, gp=10
✅ ギルドクエスト達成時自動セーブテスト合格！
✅ tests/test_guild_autosave.py: PASSED
========================================
📊 テスト結果報告: 28 / 32 合格
========================================
